// Jest Snapshot v1, https://goo.gl/fbAQLP

exports[`renders correctly 1`] = `
<View
  style={
    {
      "alignItems": "center",
      "backgroundColor": "#FFFFFF",
      "flex": 1,
    }
  }
>
  <View
    style={
      {
        "alignItems": "flex-start",
        "backgroundColor": "#FFFFFF",
        "justifyContent": "flex-start",
        "paddingTop": 10,
      }
    }
  >
    <Text
      style={
        {
          "color": "black",
          "fontSize": 26,
          "fontWeight": "bold",
          "margin": 10,
        }
      }
    >
      What's your NUS email?
    </Text>
    <Text
      style={
        {
          "color": "black",
          "fontSize": 14,
          "left": 7,
          "margin": 3,
        }
      }
    >
      Enter your NUS email address (ends with @u.nus.edu) to receive the verification code. We will not show this to other users.
    </Text>
    <TextInput
      onChangeText={[Function]}
      style={
        {
          "borderWidth": 1,
          "height": 40,
          "margin": 10,
          "width": 730,
        }
      }
      value=""
    />
    <View
      accessibilityState={
        {
          "busy": undefined,
          "checked": undefined,
          "disabled": undefined,
          "expanded": undefined,
          "selected": undefined,
        }
      }
      accessibilityValue={
        {
          "max": undefined,
          "min": undefined,
          "now": undefined,
          "text": undefined,
        }
      }
      accessible={true}
      collapsable={false}
      focusable={true}
      onClick={[Function]}
      onResponderGrant={[Function]}
      onResponderMove={[Function]}
      onResponderRelease={[Function]}
      onResponderTerminate={[Function]}
      onResponderTerminationRequest={[Function]}
      onStartShouldSetResponder={[Function]}
      style={
        {
          "alignItems": "center",
          "backgroundColor": "#2de0ff",
          "borderRadius": 5,
          "height": 40,
          "justifyContent": "center",
          "left": 10,
          "margin": 0,
          "opacity": 1,
          "width": 730,
        }
      }
    >
      <Text
        style={
          {
            "alignItems": "center",
            "color": "white",
            "fontWeight": "bold",
            "justifyContent": "center",
          }
        }
      >
        Next
      </Text>
    </View>
  </View>
  <View
    accessibilityState={
      {
        "busy": undefined,
        "checked": undefined,
        "disabled": undefined,
        "expanded": undefined,
        "selected": undefined,
      }
    }
    accessibilityValue={
      {
        "max": undefined,
        "min": undefined,
        "now": undefined,
        "text": undefined,
      }
    }
    accessible={true}
    collapsable={false}
    focusable={true}
    onClick={[Function]}
    onResponderGrant={[Function]}
    onResponderMove={[Function]}
    onResponderRelease={[Function]}
    onResponderTerminate={[Function]}
    onResponderTerminationRequest={[Function]}
    onStartShouldSetResponder={[Function]}
    style={
      {
        "alignItems": "center",
        "backgroundColor": "white",
        "borderRadius": 2,
        "bottom": 15,
        "justifyContent": "center",
        "margin": 10,
        "opacity": 1,
        "position": "absolute",
      }
    }
  >
    <Text
      style={
        {
          "color": "#2de0ff",
          "fontWeight": "bold",
        }
      }
    >
      Log in
    </Text>
  </View>
</View>
`;
